[16] {
  [2] 05
  [1] {
    [19] 74657374
  }
  [5] {
  }
  [1] ff
  [1] {
    [1] {
      [123] {
        [23] {
          [19] 7a
        }
      }
    }
  }
  [1] {
  }
}
