[16] {
  [2] 01
  [0] {
    [2] 03
    [4] 7569643d612c64633d636f6d
    [0] 70617373776f7264
  }
}
