[16] {
  [16] {
    [2] 01
    [16] {
      [6] 2a864886f70d010105
      [5] {
      }
    }
    [16] {
      [17] {
        [16] {
          [6] 550407
          [19] 56616c69436572742056616c69646174696f6e204e6574776f726b
        }
      }
      [17] {
        [16] {
          [6] 55040a
          [19] 56616c69436572742c20496e632e
        }
      }
      [17] {
        [16] {
          [6] 55040b
          [19] 56616c694365727420436c617373203320506f6c6963792056616c69646174696f6e20417574686f72697479
        }
      }
      [17] {
        [16] {
          [6] 550403
          [19] 687474703a2f2f7777772e76616c69636572742e636f6d2f
        }
      }
      [17] {
        [16] {
          [6] 2a864886f70d010901
          [22] 696e666f4076616c69636572742e636f6d
        }
      }
    }
    [16] {
      [23] 3939303632363030323233335a
      [23] 3139303632363030323233335a
    }
    [16] {
      [17] {
        [16] {
          [6] 550407
          [19] 56616c69436572742056616c69646174696f6e204e6574776f726b
        }
      }
      [17] {
        [16] {
          [6] 55040a
          [19] 56616c69436572742c20496e632e
        }
      }
      [17] {
        [16] {
          [6] 55040b
          [19] 56616c694365727420436c617373203320506f6c6963792056616c69646174696f6e20417574686f72697479
        }
      }
      [17] {
        [16] {
          [6] 550403
          [19] 687474703a2f2f7777772e76616c69636572742e636f6d2f
        }
      }
      [17] {
        [16] {
          [6] 2a864886f70d010901
          [22] 696e666f4076616c69636572742e636f6d
        }
      }
    }
    [16] {
      [16] {
        [6] 2a864886f70d010101
        [5] {
        }
      }
      [3] 0030818902818100e39851961ce8d5b106816a57c3727593abcf9ea6fcf31652d62d4d9f3544a82e044d07498a3829f57737e7b7ab5ddf367114998fdcc292f1e7609297ecd848dcbfc10220c624a4284c305a766db15cf3ddde9e1071a188c75b9b416dcab0b88e15eead332bcf47045c75710a98249829a74959a5ddf8b7436261f3d3e2d0553f0203010001
    }
  }
  [16] {
    [6] 2a864886f70d010105
    [5] {
    }
  }
  [3] 0056bb02588467082cdf1fdb7b4933f5d3679df4b40a10b3c9c52ce2926a717827f2708342d33ecfa954f4f1d892168cd104cb4babc99f45ae3c8aa9b071335dc8c557dfafa835b37f8987e9e82592b87f857aaed6bc1e37582a67c991cf2a813eedc639dfc03e199c19cc134d8241b58cdee03d6008200f457e6ba27fa38c15ee
}
